src/components/ProcessLog.tsx(35,24): error TS2339: Property 'Stopped' does not exist on type 'typeof AgentStatus'.
src/components/ProcessLog.tsx(37,24): error TS2339: Property 'Paused' does not exist on type 'typeof AgentStatus'.
src/components/ThemeToggle.tsx(8,5): error TS2687: All declarations of 'startViewTransition' must have identical modifiers.
src/components/ThemeToggle.tsx(8,5): error TS2717: Subsequent property declarations must have the same type.  Property 'startViewTransition' must be of type '(callbackOptions?: ViewTransitionUpdateCallback) => ViewTransition', but here has type '(callback: () => void) => { ready: Promise<void>; finished: Promise<void>; updateCallbackDone: Promise<void>; }'.
src/components/ui/badge.tsx(4,20): error TS2307: Cannot find module '@/lib/utils' or its corresponding type declarations.
src/components/ui/badge.tsx(30,18): error TS2339: Property 'className' does not exist on type 'BadgeProps'.
src/components/ui/button.tsx(5,20): error TS2307: Cannot find module '@/lib/utils' or its corresponding type declarations.
src/components/ui/card.tsx(3,20): error TS2307: Cannot find module '@/lib/utils' or its corresponding type declarations.
src/components/ui/progress.tsx(4,20): error TS2307: Cannot find module '@/lib/utils' or its corresponding type declarations.
src/components/ui/scroll-area.tsx(6,20): error TS2307: Cannot find module '@/lib/utils' or its corresponding type declarations.
src/components/ui/separator.tsx(4,20): error TS2307: Cannot find module '@/lib/utils' or its corresponding type declarations.
src/components/ui/skeleton.tsx(1,20): error TS2307: Cannot find module '@/lib/utils' or its corresponding type declarations.
src/components/ui/skeleton.tsx(6,4): error TS2503: Cannot find namespace 'React'.
